// Jest Snapshot v1, https://goo.gl/fbAQLP

exports[`Test FileUploadDialog component Snapshot test 1`] = `
Array [
  <Dialog
    aria-labelledby="form-dialog-title"
    onClose={[MockFunction]}
    open={false}
  >
    <DialogTitle
      id="form-dialog-title"
    >
      addAccountDialogTitle
    </DialogTitle>
    <DialogContent>
      <DialogContentText>
        uploadFileDialogContent
      </DialogContentText>
      <Typography
        className="makeStyles-uploadTitle-1"
        color="inherit"
        variant="body1"
      >
        uploadWorkflowTitle
      </Typography>
      <div
        className="makeStyles-inputDiv-2"
      >
        <Input
          fullWidth={true}
          id="workflows"
          inputProps={
            Object {
              "accept": ".csv",
            }
          }
          onChange={[Function]}
          type="file"
        />
        <Button
          className="makeStyles-uploadBtn-3"
          color="primary"
          data-testid="uploadBtn"
          onClick={[Function]}
          size="small"
        >
          Upload
        </Button>
      </div>
      <Typography
        className="makeStyles-uploadTitle-1"
        color="inherit"
        variant="body1"
      >
        uploadInstanceTitle
      </Typography>
      <div
        className="makeStyles-inputDiv-2"
      >
        <Input
          fullWidth={true}
          id="instances"
          inputProps={
            Object {
              "accept": ".csv",
            }
          }
          onChange={[Function]}
          type="file"
        />
        <Button
          className="makeStyles-uploadBtn-3"
          color="primary"
          onClick={[Function]}
          size="small"
        >
          Upload
        </Button>
      </div>
      <Typography
        className="makeStyles-uploadTitle-1"
        color="inherit"
        variant="body1"
      >
        uploadActionTitle
      </Typography>
      <div
        className="makeStyles-inputDiv-2"
      >
        <Input
          fullWidth={true}
          id="actions"
          inputProps={
            Object {
              "accept": ".csv",
            }
          }
          onChange={[Function]}
          type="file"
        />
        <Button
          className="makeStyles-uploadBtn-3"
          color="primary"
          onClick={[Function]}
          size="small"
        >
          Upload
        </Button>
      </div>
    </DialogContent>
    <DialogActions>
      <Button
        color="primary"
        onClick={[MockFunction]}
      >
        close
      </Button>
    </DialogActions>
  </Dialog>,
  <ProgressDialog
    open={false}
  />,
  <CustomizedSnackbar
    backgroundColor="#43a047"
    content="snackbarMessage"
    handleClose={[Function]}
    open={false}
  />,
]
`;
